******************************************************************************
                  TI ARM Linker PC v20.2.1                     
******************************************************************************
>> Linked Wed Dec 16 20:25:39 2020

OUTPUT FILE NAME:   <lab2_MSP432.out>
ENTRY POINT SYMBOL: "_c_int00_noargs"  address: 00001a81


MEMORY CONFIGURATION

         name            origin    length      used     unused   attr    fill
----------------------  --------  ---------  --------  --------  ----  --------
  MAIN                  00000000   00040000  0000229f  0003dd61  R  X
  INFO                  00200000   00004000  00000000  00004000  R  X
  SRAM_CODE             01000000   00010000  00000207  0000fdf9  RW X
  SRAM_DATA             20000000   00010000  00000207  0000fdf9  RW  


SEGMENT ALLOCATION MAP

run origin  load origin   length   init length attrs members
----------  ----------- ---------- ----------- ----- -------
00000000    00000000    000022a4   000022a4    r-x
  00000000    00000000    000000e4   000000e4    r-- .intvecs
  000000e4    000000e4    00001a14   00001a14    r-x .text
  00001af8    00001af8    0000078b   0000078b    r-- .const
  00002288    00002288    0000001c   0000001c    r-- .cinit
20000000    20000000    00000007   00000000    rw-
  20000000    20000000    00000007   00000000    rw- .data
2000fe00    2000fe00    00000200   00000000    rw-
  2000fe00    2000fe00    00000200   00000000    rw- .stack


SECTION ALLOCATION MAP

 output                                  attributes/
section   page    origin      length       input sections
--------  ----  ----------  ----------   ----------------
.intvecs   0    00000000    000000e4     
                  00000000    000000e4     startup_msp432p401r_ccs.obj (.intvecs:retain)

.text      0    000000e4    00001a14     
                  000000e4    00000db4     MSOE_LIB.lib : msoe_lib_lcd.obj (.text)
                  00000e98    00000334     system_msp432p401r.obj (.text)
                  000011cc    00000274     MSOE_LIB.lib : msoe_lib_clk.obj (.text)
                  00001440    000001fc     main.obj (.text)
                  0000163c    000001b6     rtsv7M4_T_le_v4SPD16_eabi.lib : fd_add_t2.asm.obj (.text)
                  000017f2    000000fc                                   : fd_mul_t2.asm.obj (.text)
                  000018ee    0000009c                                   : memcpy_t2.asm.obj (.text)
                  0000198a    00000068                                   : copy_decompress_lzss.c.obj (.text:decompress:lzss:__TI_decompress_lzss)
                  000019f2    00000048                                   : fd_toi_t2.asm.obj (.text)
                  00001a3a    00000002     --HOLE-- [fill = 0]
                  00001a3c    00000044                                   : autoinit.c.obj (.text:__TI_auto_init_nobinit_nopinit:__TI_auto_init_nobinit_nopinit)
                  00001a80    00000034                                   : boot_cortex_m.c.obj (.text:_c_int00_noargs:_c_int00_noargs)
                  00001ab4    00000020                                   : u_tofd_t2.asm.obj (.text)
                  00001ad4    0000000e                                   : copy_decompress_none.c.obj (.text:decompress:none:__TI_decompress_none)
                  00001ae2    0000000e     startup_msp432p401r_ccs.obj (.text)
                  00001af0    00000004     rtsv7M4_T_le_v4SPD16_eabi.lib : pre_init.c.obj (.text:_system_pre_init)
                  00001af4    00000004                                   : exit.c.obj (.text:abort:abort)

.const     0    00001af8    0000078b     
                  00001af8    000005b0     MSOE_LIB.lib : msoe_lib_lcd.obj (.const:ASCII_BIG)
                  000020a8    000001db                  : msoe_lib_lcd.obj (.const:ASCII)

.cinit     0    00002288    0000001c     
                  00002288    0000000a     (.cinit..data.load) [load image, compression = lzss]
                  00002292    00000002     --HOLE-- [fill = 0]
                  00002294    00000008     (__TI_handler_table)
                  0000229c    00000008     (__TI_cinit_table)

.init_array 
*          0    00000000    00000000     UNINITIALIZED

.binit     0    00000000    00000000     

.data      0    20000000    00000007     UNINITIALIZED
                  20000000    00000004     system_msp432p401r.obj (.data)
                  20000004    00000003     main.obj (.data)

.stack     0    2000fe00    00000200     UNINITIALIZED
                  2000fe00    00000004     rtsv7M4_T_le_v4SPD16_eabi.lib : boot_cortex_m.c.obj (.stack)
                  2000fe04    000001fc     --HOLE--

__llvm_prf_cnts 
*          0    20000000    00000000     UNINITIALIZED

MODULE SUMMARY

       Module                        code   ro data   rw data
       ------                        ----   -------   -------
    .\
       system_msp432p401r.obj        820    0         8      
       main.obj                      508    0         6      
       startup_msp432p401r_ccs.obj   14     228       0      
    +--+-----------------------------+------+---------+---------+
       Total:                        1342   228       14     
                                                             
    C:/Users/goali/code/adv-embedded/MSOE_LIB/Debug/MSOE_LIB.lib
       msoe_lib_lcd.obj              3508   1931      0      
       msoe_lib_clk.obj              628    0         0      
    +--+-----------------------------+------+---------+---------+
       Total:                        4136   1931      0      
                                                             
    C:\ti\ccs1011\ccs\tools\compiler\ti-cgt-arm_20.2.1.LTS\lib\rtsv7M4_T_le_v4SPD16_eabi.lib
       fd_add_t2.asm.obj             438    0         0      
       fd_mul_t2.asm.obj             252    0         0      
       memcpy_t2.asm.obj             156    0         0      
       copy_decompress_lzss.c.obj    104    0         0      
       fd_toi_t2.asm.obj             72     0         0      
       autoinit.c.obj                68     0         0      
       boot_cortex_m.c.obj           52     0         0      
       u_tofd_t2.asm.obj             32     0         0      
       copy_decompress_none.c.obj    14     0         0      
       exit.c.obj                    4      0         0      
       pre_init.c.obj                4      0         0      
    +--+-----------------------------+------+---------+---------+
       Total:                        1196   0         0      
                                                             
       Stack:                        0      0         1024   
       Linker Generated:             0      26        0      
    +--+-----------------------------+------+---------+---------+
       Grand Total:                  6674   2185      1038   


LINKER GENERATED COPY TABLES

__TI_cinit_table @ 0000229c records: 1, size/record: 8, table size: 8
	.data: load addr=00002288, load size=0000000a bytes, run addr=20000000, run size=00000007 bytes, compression=lzss


LINKER GENERATED HANDLER TABLE

__TI_handler_table @ 00002294 records: 2, size/record: 4, table size: 8
	index: 0, handler: __TI_decompress_lzss
	index: 1, handler: __TI_decompress_none


GLOBAL SYMBOLS: SORTED ALPHABETICALLY BY Name 

address   name                          
-------   ----                          
00001aef  ADC14_IRQHandler              
00001aef  AES256_IRQHandler             
00001aef  BusFault_Handler              
00001af5  C$$EXIT                       
00001aef  COMP_E0_IRQHandler            
00001aef  COMP_E1_IRQHandler            
00001aef  CS_IRQHandler                 
00001301  Clock_48MHz_Divide            
000011cd  Clock_Init_48MHz              
00001aef  DMA_ERR_IRQHandler            
00001aef  DMA_INT0_IRQHandler           
00001aef  DMA_INT1_IRQHandler           
00001aef  DMA_INT2_IRQHandler           
00001aef  DMA_INT3_IRQHandler           
00001aef  DebugMon_Handler              
00001aef  Default_Handler               
00001aef  EUSCIA0_IRQHandler            
00001aef  EUSCIA1_IRQHandler            
00001aef  EUSCIA2_IRQHandler            
00001aef  EUSCIA3_IRQHandler            
00001aef  EUSCIB0_IRQHandler            
00001aef  EUSCIB1_IRQHandler            
00001aef  EUSCIB2_IRQHandler            
00001aef  EUSCIB3_IRQHandler            
00001aef  FLCTL_IRQHandler              
00001aef  FPU_IRQHandler                
00001aef  HardFault_Handler             
0000019f  LCD_Config                    
000002d5  LCD_clear                     
0000158f  LCD_clear_row                 
00000251  LCD_col                       
00000e2b  LCD_contrast                  
00000207  LCD_goto_xy                   
00000231  LCD_home                      
00000351  LCD_print_bigchar             
00000449  LCD_print_bigstr              
0000050b  LCD_print_bin16               
000004c5  LCD_print_bin8                
0000030f  LCD_print_bmpArray            
0000026b  LCD_print_char                
00000b3f  LCD_print_dec10               
000009d3  LCD_print_dec3                
00000a89  LCD_print_dec5                
00000c55  LCD_print_float               
000005b9  LCD_print_hex16               
0000069d  LCD_print_hex32               
00000545  LCD_print_hex8                
000002b7  LCD_print_str                 
00000953  LCD_print_udec10              
0000082b  LCD_print_udec3               
000008bf  LCD_print_udec5               
0000023d  LCD_row                       
00001aef  MemManage_Handler             
00001aef  NMI_Handler                   
00001aef  PCM_IRQHandler                
000015a7  PORT1_IRQHandler              
000015a7  PORT1_IRQHandler              
00001aef  PORT2_IRQHandler              
00001aef  PORT3_IRQHandler              
00001aef  PORT4_IRQHandler              
00001aef  PORT5_IRQHandler              
00001aef  PORT6_IRQHandler              
00001aef  PSS_IRQHandler                
00001aef  PendSV_Handler                
00001aef  RTC_C_IRQHandler              
00001ae3  Reset_Handler                 
00001aef  SVC_Handler                   
00001aef  SysTick_Handler               
20000000  SystemCoreClock               
00000e99  SystemCoreClockUpdate         
00001111  SystemInit                    
00001aef  T32_INT1_IRQHandler           
00001aef  T32_INT2_IRQHandler           
00001aef  T32_INTC_IRQHandler           
00001aef  TA0_0_IRQHandler              
00001aef  TA0_N_IRQHandler              
00001aef  TA1_0_IRQHandler              
00001aef  TA1_N_IRQHandler              
00001aef  TA2_0_IRQHandler              
00001aef  TA2_N_IRQHandler              
00001aef  TA3_0_IRQHandler              
00001aef  TA3_N_IRQHandler              
00001aef  UsageFault_Handler            
4000480c  WDTCTL_SYM                    
00001aef  WDT_A_IRQHandler              
20010000  __STACK_END                   
00000200  __STACK_SIZE                  
0000229c  __TI_CINIT_Base               
000022a4  __TI_CINIT_Limit              
00002294  __TI_Handler_Table_Base       
0000229c  __TI_Handler_Table_Limit      
00001a3d  __TI_auto_init_nobinit_nopinit
0000198b  __TI_decompress_lzss          
00001ad5  __TI_decompress_none          
ffffffff  __TI_pprof_out_hndl           
ffffffff  __TI_prof_data_size           
ffffffff  __TI_prof_data_start          
00000000  __TI_static_base__            
000019f3  __aeabi_d2iz                  
00001647  __aeabi_dadd                  
000017f3  __aeabi_dmul                  
0000163d  __aeabi_dsub                  
000018ef  __aeabi_memcpy                
000018ef  __aeabi_memcpy4               
000018ef  __aeabi_memcpy8               
00001ab5  __aeabi_ui2d                  
ffffffff  __binit__                     
ffffffff  __c_args__                    
UNDEFED   __mpu_init                    
2000fe00  __stack                       
20000000  __start___llvm_prf_cnts       
20000000  __stop___llvm_prf_cnts        
00001a81  _c_int00_noargs               
UNDEFED   _system_post_cinit            
00001af1  _system_pre_init              
00001af5  abort                         
20000005  adc_reading                   
ffffffff  binit                         
00001575  init_adc                      
000014dd  init_gpio                     
00001579  init_lcd                      
00001577  init_pwm                      
00000000  interruptVectors              
00001441  main                          
000018ef  memcpy                        
20000004  pushbutton_is_pressed         
20000006  pwm_duty_cycle                


GLOBAL SYMBOLS: SORTED BY Symbol Address 

address   name                          
-------   ----                          
00000000  __TI_static_base__            
00000000  interruptVectors              
0000019f  LCD_Config                    
00000200  __STACK_SIZE                  
00000207  LCD_goto_xy                   
00000231  LCD_home                      
0000023d  LCD_row                       
00000251  LCD_col                       
0000026b  LCD_print_char                
000002b7  LCD_print_str                 
000002d5  LCD_clear                     
0000030f  LCD_print_bmpArray            
00000351  LCD_print_bigchar             
00000449  LCD_print_bigstr              
000004c5  LCD_print_bin8                
0000050b  LCD_print_bin16               
00000545  LCD_print_hex8                
000005b9  LCD_print_hex16               
0000069d  LCD_print_hex32               
0000082b  LCD_print_udec3               
000008bf  LCD_print_udec5               
00000953  LCD_print_udec10              
000009d3  LCD_print_dec3                
00000a89  LCD_print_dec5                
00000b3f  LCD_print_dec10               
00000c55  LCD_print_float               
00000e2b  LCD_contrast                  
00000e99  SystemCoreClockUpdate         
00001111  SystemInit                    
000011cd  Clock_Init_48MHz              
00001301  Clock_48MHz_Divide            
00001441  main                          
000014dd  init_gpio                     
00001575  init_adc                      
00001577  init_pwm                      
00001579  init_lcd                      
0000158f  LCD_clear_row                 
000015a7  PORT1_IRQHandler              
000015a7  PORT1_IRQHandler              
0000163d  __aeabi_dsub                  
00001647  __aeabi_dadd                  
000017f3  __aeabi_dmul                  
000018ef  __aeabi_memcpy                
000018ef  __aeabi_memcpy4               
000018ef  __aeabi_memcpy8               
000018ef  memcpy                        
0000198b  __TI_decompress_lzss          
000019f3  __aeabi_d2iz                  
00001a3d  __TI_auto_init_nobinit_nopinit
00001a81  _c_int00_noargs               
00001ab5  __aeabi_ui2d                  
00001ad5  __TI_decompress_none          
00001ae3  Reset_Handler                 
00001aef  ADC14_IRQHandler              
00001aef  AES256_IRQHandler             
00001aef  BusFault_Handler              
00001aef  COMP_E0_IRQHandler            
00001aef  COMP_E1_IRQHandler            
00001aef  CS_IRQHandler                 
00001aef  DMA_ERR_IRQHandler            
00001aef  DMA_INT0_IRQHandler           
00001aef  DMA_INT1_IRQHandler           
00001aef  DMA_INT2_IRQHandler           
00001aef  DMA_INT3_IRQHandler           
00001aef  DebugMon_Handler              
00001aef  Default_Handler               
00001aef  EUSCIA0_IRQHandler            
00001aef  EUSCIA1_IRQHandler            
00001aef  EUSCIA2_IRQHandler            
00001aef  EUSCIA3_IRQHandler            
00001aef  EUSCIB0_IRQHandler            
00001aef  EUSCIB1_IRQHandler            
00001aef  EUSCIB2_IRQHandler            
00001aef  EUSCIB3_IRQHandler            
00001aef  FLCTL_IRQHandler              
00001aef  FPU_IRQHandler                
00001aef  HardFault_Handler             
00001aef  MemManage_Handler             
00001aef  NMI_Handler                   
00001aef  PCM_IRQHandler                
00001aef  PORT2_IRQHandler              
00001aef  PORT3_IRQHandler              
00001aef  PORT4_IRQHandler              
00001aef  PORT5_IRQHandler              
00001aef  PORT6_IRQHandler              
00001aef  PSS_IRQHandler                
00001aef  PendSV_Handler                
00001aef  RTC_C_IRQHandler              
00001aef  SVC_Handler                   
00001aef  SysTick_Handler               
00001aef  T32_INT1_IRQHandler           
00001aef  T32_INT2_IRQHandler           
00001aef  T32_INTC_IRQHandler           
00001aef  TA0_0_IRQHandler              
00001aef  TA0_N_IRQHandler              
00001aef  TA1_0_IRQHandler              
00001aef  TA1_N_IRQHandler              
00001aef  TA2_0_IRQHandler              
00001aef  TA2_N_IRQHandler              
00001aef  TA3_0_IRQHandler              
00001aef  TA3_N_IRQHandler              
00001aef  UsageFault_Handler            
00001aef  WDT_A_IRQHandler              
00001af1  _system_pre_init              
00001af5  C$$EXIT                       
00001af5  abort                         
00002294  __TI_Handler_Table_Base       
0000229c  __TI_CINIT_Base               
0000229c  __TI_Handler_Table_Limit      
000022a4  __TI_CINIT_Limit              
20000000  SystemCoreClock               
20000000  __start___llvm_prf_cnts       
20000000  __stop___llvm_prf_cnts        
20000004  pushbutton_is_pressed         
20000005  adc_reading                   
20000006  pwm_duty_cycle                
2000fe00  __stack                       
20010000  __STACK_END                   
4000480c  WDTCTL_SYM                    
ffffffff  __TI_pprof_out_hndl           
ffffffff  __TI_prof_data_size           
ffffffff  __TI_prof_data_start          
ffffffff  __binit__                     
ffffffff  __c_args__                    
ffffffff  binit                         
UNDEFED   __mpu_init                    
UNDEFED   _system_post_cinit            

[127 symbols]
